-rw-r--r-- 1 root root 13790800 Oct  7 22:18 nxvk/nxvk-portlib.tar.gz
dc872ba9796d6c7ab3430eec73370d4374c286c013ed210b838d8f00f4446c97  nxvk/nxvk-portlib.tar.gz
-rw-r--r-- root/root   5314016 2026-10-07 22:18 lib/libnvk.a
-rw-r--r-- root/root  43065254 2026-10-07 22:18 lib/libnvk_support.a
-rw-r--r-- root/root  21732624 2026-10-07 22:18 lib/libnvk_gl.a
-rw-r--r-- root/root       460 2026-10-07 22:18 lib/pkgconfig/nxvk.pc
-rw-r--r-- root/root       494 2026-10-07 22:18 lib/pkgconfig/nxvk-gl.pc
drwxr-xr-x root/root         0 2026-10-07 22:18 include/vulkan/
-rw-r--r-- root/root      1952 2026-10-07 22:18 include/vulkan/vulkan_wayland.h
-rw-r--r-- root/root      1352 2026-10-07 22:18 include/vulkan/vulkan_ios.h
-rw-r--r-- root/root      1616 2026-10-07 22:18 include/vulkan/vulkan.h
-rw-r--r-- root/root      1384 2026-10-07 22:18 include/vulkan/vulkan_macos.h
-rw-r--r-- root/root      8224 2026-10-07 22:18 include/vulkan/vk_icd.h
-rw-r--r-- root/root      1966 2026-10-07 22:18 include/vulkan/vulkan_xcb.h
-rw-r--r-- root/root   1350393 2026-10-07 22:18 include/vulkan/vulkan_core.h
-rw-r--r-- root/root      1497 2026-10-07 22:18 include/vulkan/vulkan_xlib_xrandr.h
-rw-r--r-- root/root      1939 2026-10-07 22:18 include/vulkan/vulkan_ggp.h
-rw-r--r-- root/root      8066 2026-10-07 22:18 include/vulkan/vulkan_metal.h
-rw-r--r-- root/root      1325 2026-10-07 22:18 include/vulkan/vulkan_vi.h
-rw-r--r-- root/root     12459 2026-10-07 22:18 include/vulkan/vk_android_native_buffer.h
-rw-r--r-- root/root      7178 2026-10-07 22:18 include/vulkan/vk_layer.h
-rw-r--r-- root/root     12900 2026-10-07 22:18 include/vulkan/vulkan_fuchsia.h
-rw-r--r-- root/root      6330 2026-10-07 22:18 include/vulkan/vulkan_android.h
-rw-r--r-- root/root     17412 2026-10-07 22:18 include/vulkan/vulkan_beta.h
-rw-r--r-- root/root     15757 2026-10-07 22:18 include/vulkan/vulkan_win32.h
-rw-r--r-- root/root      2828 2026-10-07 22:18 include/vulkan/vk_platform.h
-rw-r--r-- root/root        43 2026-10-07 22:18 include/vulkan/.editorconfig
-rw-r--r-- root/root      1947 2026-10-07 22:18 include/vulkan/vulkan_xlib.h
-rw-r--r-- root/root      4193 2026-10-07 22:18 include/vulkan/vulkan_screen.h
-rw-r--r-- root/root      1952 2026-10-07 22:18 include/vulkan/vulkan_directfb.h
-rw-r--r-- root/root      4106 2026-10-07 22:18 include/vulkan/vulkan_ohos.h
-rw-r--r-- root/root      1871 2026-10-07 22:18 include/vulkan/vulkan_ubm.h
drwxr-xr-x root/root         0 2026-10-07 22:18 include/vk_video/
-rw-r--r-- root/root      6878 2026-10-07 22:18 include/vk_video/vulkan_video_codec_h264std_encode.h
-rw-r--r-- root/root      5979 2026-10-07 22:18 include/vk_video/vulkan_video_codec_av1std_encode.h
-rw-r--r-- root/root      2723 2026-10-07 22:18 include/vk_video/vulkan_video_codec_h264std_decode.h
-rw-r--r-- root/root      2429 2026-10-07 22:18 include/vk_video/vulkan_video_codec_h265std_decode.h
-rw-r--r-- root/root      7462 2026-10-07 22:18 include/vk_video/vulkan_video_codec_h265std_encode.h
-rw-r--r-- root/root       660 2026-10-07 22:18 include/vk_video/vulkan_video_codecs_common.h
-rw-r--r-- root/root      4250 2026-10-07 22:18 include/vk_video/vulkan_video_codec_av1std_decode.h
-rw-r--r-- root/root     23439 2026-10-07 22:18 include/vk_video/vulkan_video_codec_h265std.h
-rw-r--r-- root/root      2371 2026-10-07 22:18 include/vk_video/vulkan_video_codec_vp9std_decode.h
